Iniciando teste da fila de sincroniza├º├úo...
Adicionando contrato de teste ├á fila...

­ƒôï Foram encontradas 15 tabelas configuradas na fila:
  1. Parceiros (Rota: /api/sync/parceiros)
  2. Produtos (Rota: /api/sync/produtos)
  3. Tipos de Negocia├º├úo (Rota: /api/sync/tipos-negociacao)
  4. Tipos de Opera├º├úo (Rota: /api/sync/tipos-operacao)
  5. Estoques (Rota: /api/sync/estoques)
  6. Tabela de Pre├ºos (Rota: /api/sync/tabela-precos)
  7. Exce├º├úo de Pre├ºos (Rota: /api/sync/excecao-preco)
  8. Vendedores (Rota: /api/sync/vendedores)
  9. Marcas (Rota: /api/sync/marcas)
  10. Grupos de Produtos (Rota: /api/sync/grupos-produtos)
  11. Bairros (Rota: /api/sync/bairros)
  12. Cidades (Rota: /api/sync/cidades)
  13. Empresas (Rota: /api/sync/empresas)
  14. Regi├Áes (Rota: /api/sync/regioes)
  15. Estados (Rota: /api/sync/estados)

Ô£à SUCESSO: Nenhuma tabela de nota encontrada na configura├º├úo da fila de sync.
